DB init error Error: connect ECONNREFUSED 127.0.0.1:5432
    at /home/zed/git/PodCaster_Portal/backend/node_modules/pg-pool/index.js:45:11
    at process.processTicksAndRejections (node:internal/process/task_queues:95:5)
    at async initDb (file:///home/zed/git/PodCaster_Portal/backend/server.js:81:3) {
  errno: -111,
  code: 'ECONNREFUSED',
  syscall: 'connect',
  address: '127.0.0.1',
  port: 5432
}
DB init error Error: connect ECONNREFUSED 127.0.0.1:5432
    at /home/zed/git/PodCaster_Portal/backend/node_modules/pg-pool/index.js:45:11
    at process.processTicksAndRejections (node:internal/process/task_queues:95:5)
    at async initDb (file:///home/zed/git/PodCaster_Portal/backend/server.js:81:3)
    at async file:///home/zed/git/PodCaster_Portal/backend/server.js:1108:1 {
  errno: -111,
  code: 'ECONNREFUSED',
  syscall: 'connect',
  address: '127.0.0.1',
  port: 5432
}
✅ Backend running on :4006 • SheetJS: 0.20.3
